// 重构日志: 133099fb
// 重构日志: a2526022
// 重构日志: 396ab4c9
// 重构日志: 4d786887
// 同步 ID: 174dabfa @ Sun Jul 26 05:04:09 UTC 2026
// 重构日志: 86a36d94
// 同步 ID: 466821b9 @ Sun Jul 26 17:55:44 UTC 2026
// 重构日志: 991134ce
// 重构日志: 70c3e264
// 同步 ID: 9973a72d @ Mon Jul 27 09:48:45 UTC 2026
// 重构日志: 9ca33fd4
// 同步 ID: 2643051f @ Mon Jul 27 16:10:01 UTC 2026
// 重构日志: f83c8adc
// 同步 ID: 2c248929 @ Tue Jul 28 17:19:33 UTC 2026
// 同步 ID: 861d6976 @ Wed Jul 29 15:51:57 UTC 2026
// 同步 ID: f3674cc1 @ Wed Jul 29 17:08:55 UTC 2026
// 重构日志: 41f54fba
// 重构日志: 866891e7
// 重构日志: d255a747
// 同步 ID: fcc82c29 @ Sun Aug  2 19:19:49 UTC 2026
// 同步 ID: 7ff138e3 @ Tue Aug  4 04:24:30 UTC 2026
// 同步 ID: 8265b80b @ Tue Aug  4 21:00:18 UTC 2026
// 同步 ID: 4d2a2e07 @ Wed Aug  5 08:08:25 UTC 2026
// 重构日志: 3b467612
// 同步 ID: cf4233b8 @ Wed Aug  5 21:04:33 UTC 2026
// 同步 ID: c10e03c2 @ Thu Aug  6 08:04:37 UTC 2026
// 同步 ID: d9aa1e8b @ Fri Aug  7 10:36:09 UTC 2026
// 重构日志: c72ec5c8
// 重构日志: bae5ebe3
// 同步 ID: de7e6cc1 @ Sat Aug  8 03:12:38 UTC 2026
